[1/24] t1_abs (tier 1)...
    -> SOLVED (pass, 17s) | elapsed 17s, avg 17s/task, ETA 382s
[2/24] t1_avg_floor (tier 1)...
    -> SOLVED (pass, 149s) | elapsed 166s, avg 83s/task, ETA 1823s
[3/24] t1_clamp (tier 1)...
    -> SOLVED (pass, 13s) | elapsed 179s, avg 60s/task, ETA 1250s
[4/24] t1_contains (tier 1)...
    -> SOLVED (pass, 11s) | elapsed 189s, avg 47s/task, ETA 946s
[5/24] t1_count_evens (tier 1)...
    -> SOLVED (pass, 222s) | elapsed 411s, avg 82s/task, ETA 1564s
[6/24] t1_count_positive (tier 1)...
    -> SOLVED (pass, 44s) | elapsed 455s, avg 76s/task, ETA 1366s
[7/24] t1_count_value (tier 1)...
    -> SOLVED (pass, 65s) | elapsed 520s, avg 74s/task, ETA 1263s
[8/24] t1_divisible (tier 1)...
    -> SOLVED (pass, 8s) | elapsed 528s, avg 66s/task, ETA 1055s
[9/24] t1_factorial (tier 1)...
    -> SOLVED (pass, 19s) | elapsed 546s, avg 61s/task, ETA 911s
[10/24] t1_grade (tier 1)...
    -> SOLVED (pass, 9s) | elapsed 556s, avg 56s/task, ETA 778s
[11/24] t1_has_negative (tier 1)...
    -> SOLVED (pass, 10s) | elapsed 565s, avg 51s/task, ETA 668s
[12/24] t1_index_of (tier 1)...
    -> SOLVED (pass, 11s) | elapsed 577s, avg 48s/task, ETA 577s
[13/24] t1_is_even (tier 1)...
    -> SOLVED (pass, 18s) | elapsed 595s, avg 46s/task, ETA 503s
[14/24] t1_is_sorted (tier 1)...
    -> SOLVED (pass, 36s) | elapsed 631s, avg 45s/task, ETA 451s
[15/24] t1_last_digit (tier 1)...
    -> SOLVED (pass, 8s) | elapsed 639s, avg 43s/task, ETA 383s
[16/24] t1_list_min (tier 1)...
    -> SOLVED (pass, 10s) | elapsed 649s, avg 41s/task, ETA 324s
[17/24] t1_list_sum (tier 1)...
    -> SOLVED (pass, 138s) | elapsed 787s, avg 46s/task, ETA 324s
[18/24] t1_max3 (tier 1)...
    -> SOLVED (pass, 8s) | elapsed 795s, avg 44s/task, ETA 265s
[19/24] t1_max_of_list (tier 1)...
    -> SOLVED (pass, 10s) | elapsed 805s, avg 42s/task, ETA 212s
[20/24] t1_min3 (tier 1)...
    -> SOLVED (pass, 12s) | elapsed 817s, avg 41s/task, ETA 163s
[21/24] t1_pow (tier 1)...
    -> SOLVED (pass, 52s) | elapsed 869s, avg 41s/task, ETA 124s
[22/24] t1_sign (tier 1)...
    -> SOLVED (pass, 18s) | elapsed 887s, avg 40s/task, ETA 81s
[23/24] t1_sum_range (tier 1)...
    -> SOLVED (pass, 53s) | elapsed 939s, avg 41s/task, ETA 41s
[24/24] t1_weekday (tier 1)...
    -> SOLVED (pass, 16s) | elapsed 955s, avg 40s/task, ETA 0s
tasks: 24  solved: 24  pass@2: 1.000
  tier 1: 24/24 solved
  pass@1: 21
  pass@2: 24
  attempt outcomes: {'pass': 24, 'parse_error': 2, 'verify_fail': 1}
