[1/38] t1_all_positive (tier 2)...
    -> SOLVED (pass, 11s) | elapsed 11s, avg 11s/task, ETA 416s
[2/38] t2_abs_diff (tier 2)...
    -> SOLVED (pass, 7s) | elapsed 18s, avg 9s/task, ETA 327s
[3/38] t2_all_equal (tier 2)...
    -> SOLVED (pass, 29s) | elapsed 48s, avg 16s/task, ETA 555s
[4/38] t2_apply_discount (tier 2)...
    -> SOLVED (pass, 7s) | elapsed 55s, avg 14s/task, ETA 464s
[5/38] t2_count_in_range (tier 2)...
    -> SOLVED (pass, 72s) | elapsed 126s, avg 25s/task, ETA 833s
[6/38] t2_count_matches (tier 2)...
    -> SOLVED (pass, 90s) | elapsed 216s, avg 36s/task, ETA 1153s
[7/38] t2_count_negative (tier 2)...
    -> SOLVED (pass, 23s) | elapsed 239s, avg 34s/task, ETA 1059s
[8/38] t2_dot_product (tier 2)...
    -> SOLVED (pass, 80s) | elapsed 319s, avg 40s/task, ETA 1198s
[9/38] t2_even_minus_odd (tier 2)...
    -> SOLVED (pass, 369s) | elapsed 688s, avg 76s/task, ETA 2217s
[10/38] t2_first_even_index (tier 2)...
    -> SOLVED (pass, 23s) | elapsed 712s, avg 71s/task, ETA 1992s
[11/38] t2_gcd (tier 2)...
    -> SOLVED (pass, 402s) | elapsed 1113s, avg 101s/task, ETA 2733s
[12/38] t2_has_duplicate (tier 2)...
    -> SOLVED (pass, 53s) | elapsed 1166s, avg 97s/task, ETA 2527s
[13/38] t2_index_of_max (tier 2)...
    -> SOLVED (pass, 22s) | elapsed 1188s, avg 91s/task, ETA 2285s
[14/38] t2_is_ascending (tier 2)...
    -> SOLVED (pass, 25s) | elapsed 1213s, avg 87s/task, ETA 2079s
[15/38] t2_is_palindrome (tier 2)...
    -> SOLVED (pass, 13s) | elapsed 1226s, avg 82s/task, ETA 1880s
[16/38] t2_is_square (tier 2)...
    -> SOLVED (pass, 39s) | elapsed 1266s, avg 79s/task, ETA 1740s
[17/38] t2_last_occurrence (tier 2)...
    -> SOLVED (pass, 16s) | elapsed 1281s, avg 75s/task, ETA 1583s
[18/38] t2_manhattan (tier 2)...
    -> SOLVED (pass, 13s) | elapsed 1295s, avg 72s/task, ETA 1438s
[19/38] t2_product_list (tier 2)...
    -> SOLVED (pass, 112s) | elapsed 1406s, avg 74s/task, ETA 1406s
[20/38] t2_sum_evens (tier 2)...
    -> SOLVED (pass, 18s) | elapsed 1424s, avg 71s/task, ETA 1282s
[21/38] t2_sum_of_squares (tier 2)...
    -> SOLVED (pass, 22s) | elapsed 1446s, avg 69s/task, ETA 1171s
[22/38] t2_transfer (tier 2)...
    -> SOLVED (pass, 36s) | elapsed 1483s, avg 67s/task, ETA 1078s
[23/38] t2_try_divide (tier 2)...
    -> SOLVED (pass, 13s) | elapsed 1496s, avg 65s/task, ETA 975s
[24/38] t2_withdraw (tier 2)...
    -> not solved (verify_fail, 25s) | elapsed 1520s, avg 63s/task, ETA 887s
[25/38] t3_count_divisors (tier 3)...
    -> SOLVED (pass, 53s) | elapsed 1574s, avg 63s/task, ETA 818s
[26/38] t3_count_primes_up_to (tier 3)...
    -> SOLVED (pass, 252s) | elapsed 1826s, avg 70s/task, ETA 843s
[27/38] t3_digit_count (tier 3)...
    -> SOLVED (pass, 182s) | elapsed 2007s, avg 74s/task, ETA 818s
[28/38] t3_fib (tier 3)...
    -> SOLVED (pass, 24s) | elapsed 2031s, avg 73s/task, ETA 725s
[29/38] t3_floor_sqrt (tier 3)...
    -> SOLVED (pass, 16s) | elapsed 2047s, avg 71s/task, ETA 635s
[30/38] t3_has_consecutive_duplicates (tier 3)...
    -> SOLVED (pass, 34s) | elapsed 2082s, avg 69s/task, ETA 555s
[31/38] t3_has_sum_pair (tier 3)...
    -> SOLVED (pass, 78s) | elapsed 2160s, avg 70s/task, ETA 488s
[32/38] t3_is_power_of_two (tier 3)...
    -> SOLVED (pass, 527s) | elapsed 2687s, avg 84s/task, ETA 504s
[33/38] t3_is_prime (tier 3)...
    -> SOLVED (pass, 41s) | elapsed 2728s, avg 83s/task, ETA 413s
[34/38] t3_longest_run (tier 3)...
    -> SOLVED (pass, 1079s) | elapsed 3806s, avg 112s/task, ETA 448s
[35/38] t3_max_adjacent_sum (tier 3)...
    -> SOLVED (pass, 42s) | elapsed 3848s, avg 110s/task, ETA 330s
[36/38] t3_smallest_positive (tier 3)...
    -> SOLVED (pass, 29s) | elapsed 3877s, avg 108s/task, ETA 215s
[37/38] t3_sum_between (tier 3)...
    -> SOLVED (pass, 91s) | elapsed 3968s, avg 107s/task, ETA 107s
[38/38] t3_withdraw_twice (tier 3)...
    -> SOLVED (pass, 30s) | elapsed 3998s, avg 105s/task, ETA 0s
tasks: 38  solved: 37  pass@2: 0.974
  tier 2: 23/24 solved
  tier 3: 14/14 solved
  pass@1: 33
  pass@2: 37
  attempt outcomes: {'pass': 37, 'verify_fail': 2, 'test_run_error': 1, 'model_error': 3}
